aa
bb
cc
ss
dd
aa
bb